// Jest Snapshot v1, https://goo.gl/fbAQLP

exports[`SocialCardsContainer test renders correctly 1`] = `
<div>
  <div
    className="Social_card"
  >
    <div
      className="Social_header"
    >
      <div
        className="Social_header_column1"
      >
        <a
          className="Social_header_image_link"
          href="#"
        >
          <img
            alt=""
            className="Social_header_image"
            src="https://scontent.ftlv4-1.fna.fbcdn.net/v/t1.0-1/p80x80/19554009_10154562736535933_8492592550808364419_n.jpg?_nc_cat=0&oh=e2dcab39740d500b15ab15c33715c1cb&oe=5BEA19A5"
          />
        </a>
        <a
          className="Social_header_name"
          href="#"
        >
          Vevo
        </a>
        <a
          className="Social_header_time"
          href="#"
        >
          3 hrs
        </a>
        <span
          className="Social_header_saperator"
        >
          .
        </span>
        <a
          className="Social_header_world"
          href="#"
        />
      </div>
      <a
        className="Social_header_toggle"
        href="#"
      />
    </div>
    <div
      className="Social_post_text"
    >
      Calling all Guns N' Roses fans! Here's your chance to win the Appetite For Destruction Super Deluxe Box Set‼️ Enter now for your chance to win!
    </div>
    <a
      href="#"
    >
      <img
        alt=""
        className="Social_post_image"
        src="https://scontent.ftlv4-1.fna.fbcdn.net/v/t1.0-9/36907526_10155523573880933_4550184912837148672_n.jpg?_nc_cat=0&oh=907c9bbce64ffe2808a821fb673f140d&oe=5BA005E7"
      />
    </a>
    <div
      className="Social_reaction"
    >
      <a
        className="Social_reaction_fixed"
        href="#"
      >
        <span
          className="Social_reaction_like"
        />
      </a>
      <span
        className="Social_reaction_strech"
      >
        <a
          className="Social_reaction_number"
          href="#"
        >
          157
        </a>
      </span>
      <a
        className="Social_reaction_number Social_reaction_fixed"
        href="#"
      >
        2
         Comments
      </a>
      <a
        className="Social_reaction_number Social_reaction_fixed"
        href="#"
      >
        3
         Shares
      </a>
    </div>
    <div
      className="Social_react"
    >
      <a
        className="Reaction_like Reaction_button"
        href="#"
        onClick={[Function]}
      >
        Like
      </a>
      <a
        className="Reaction_comment Reaction_button"
        href="#"
        onClick={[Function]}
      >
        Comment
      </a>
      <a
        className="Reaction_share Reaction_button"
        href="#"
        onClick={[Function]}
      >
        Share
      </a>
    </div>
    <div
      className="Social_comments_input_panel"
    >
      <img
        alt=""
        className="Social_comments_image"
        src="https://scontent.ftlv4-1.fna.fbcdn.net/v/t1.0-1/p48x48/14572897_10209280775468762_3731006062202010506_n.jpg?_nc_cat=0&oh=41eba23bde8e0c43e709a6a9f9867c55&oe=5BDD6AD2"
      />
      <input
        className="Social_comments_input"
        onKeyPress={[Function]}
        placeholder="Write a comment..."
        type="text"
      />
    </div>
    <div
      className="Comment_panel"
    >
      <img
        alt=""
        className="Social_comments_image"
        src="https://scontent.ftlv4-1.fna.fbcdn.net/v/t1.0-1/c0.0.48.48/p48x48/30571266_10211755395060285_621329575565066240_n.jpg?_nc_cat=0&oh=755d9aa650987a5b1519cdbaeeedcd8c&oe=5BEA6497"
      />
      <div
        className="Comment_comment_panel"
      >
        <a
          className="Comment_profile"
          href="#"
        >
          Tyler Schmidt
        </a>
        <span
          className="Comment_comment"
        >
          Written by Lady Gaga
        </span>
      </div>
    </div>
    <div
      className="Comment_panel"
    >
      <img
        alt=""
        className="Social_comments_image"
        src="https://scontent.ftlv4-1.fna.fbcdn.net/v/t1.0-1/c0.0.48.48/p48x48/30571266_10211755395060285_621329575565066240_n.jpg?_nc_cat=0&oh=755d9aa650987a5b1519cdbaeeedcd8c&oe=5BEA6497"
      />
      <div
        className="Comment_comment_panel"
      >
        <a
          className="Comment_profile"
          href="#"
        >
          Tyler Schmidt
        </a>
        <span
          className="Comment_comment"
        >
          Man they confiscated my pages Have a great day
        </span>
      </div>
    </div>
  </div>
</div>
`;
